<html>
<body>
<pre>
<h1>µVision Build Log</h1>
<h2>Tool Versions:</h2>
IDE-Version: ¦ÌVision V5.40.0.0
Copyright (C) 2024 ARM Ltd and ARM Germany GmbH. All rights reserved.
License Information: 2 2, 2, LIC=65ISZ-JNK3A-567Q2-9ZBSN-3UTXN-3B4AT
 
Tool Versions:
Toolchain:       MDK-ARM Plus  Version: 5.40.0.3
Toolchain Path:  D:\keil5\ARM\Version5.06\Bin
C Compiler:      Armcc.exe V5.06 update 7 (build 960)
Assembler:       Armasm.exe V5.06 update 7 (build 960)
Linker/Locator:  ArmLink.exe V5.06 update 7 (build 960)
Library Manager: ArmAr.exe V5.06 update 7 (build 960)
Hex Converter:   FromElf.exe V5.06 update 7 (build 960)
CPU DLL:         SARMCM3.DLL V5.40.0.3
Dialog DLL:      DCM.DLL V1.17.5.0
Target DLL:      STLink\ST-LINKIII-KEIL_SWO.dll V3.3.0.0
Dialog DLL:      TCM.DLL V1.56.4.0
 
<h2>Project:</h2>
C:\Users\WolfSister\Desktop\STM32-hal\BIU_V2\STM32_HAL\MDK-ARM\BIU_V2.uvprojx
Project File Date:  09/29/2025

<h2>Output:</h2>
*** Using Compiler 'V5.06 update 7 (build 960)', folder: 'D:\keil5\ARM\Version5.06\Bin'
Build target 'BIU_V2'
assembling startup_stm32f407xx.s...
compiling gpio.c...
compiling main.c...
compiling PID.c...
compiling freertos.c...
compiling dma.c...
compiling stm32f4xx_it.c...
compiling stm32f4xx_hal_msp.c...
compiling usart.c...
linking...
Program Size: Code=23780 RO-data=916 RW-data=212 ZI-data=20868  
FromELF: creating hex file...
".\BIU_V2\BIU_V2.axf" - 0 Error(s), 0 Warning(s).

<h2>Software Packages used:</h2>

Package Vendor: ARM
                https://www.keil.com/pack/ARM.CMSIS.6.1.0.pack
                ARM::CMSIS@6.1.0
                CMSIS (Common Microcontroller Software Interface Standard)
   * Component: CORE Version: 6.1.0

Package Vendor: ARM
                https://www.keil.com/pack/ARM.CMSIS-DSP.1.15.0.pack
                ARM::CMSIS-DSP@1.15.0
                CMSIS Embedded Compute Library
   * Component: DSP Variant: Source Version: 1.15.0

Package Vendor: Keil
                https://www.keil.com/pack/Keil.STM32F4xx_DFP.3.0.0.pack
                Keil::STM32F4xx_DFP@3.0.0
                STMicroelectronics STM32F4 Series Device Support

<h2>Collection of Component include folders:</h2>
  ./RTE/_BIU_V2
  D:/keil5/pack/ARM/CMSIS-DSP/1.15.0/Include
  D:/keil5/pack/ARM/CMSIS-DSP/1.15.0/PrivateInclude
  D:/keil5/pack/ARM/CMSIS/6.1.0/CMSIS/Core/Include

<h2>Collection of Component Files used:</h2>

   * Component: ARM::CMSIS:CORE@6.1.0
      Include file:  CMSIS/Core/Include/tz_context.h

   * Component: ARM::CMSIS:DSP&Source@1.15.0
      Source file:   Source/StatisticsFunctions/StatisticsFunctions.c
      Source file:   Source/SupportFunctions/SupportFunctions.c
      Source file:   Source/SVMFunctions/SVMFunctions.c
      Source file:   Source/TransformFunctions/TransformFunctions.c
      Source file:   Source/FastMathFunctions/FastMathFunctions.c
      Source file:   Source/ComplexMathFunctions/ComplexMathFunctions.c
      Include file:  Include/arm_const_structs.h
      Source file:   Source/QuaternionMathFunctions/QuaternionMathFunctions.c
      Source file:   Source/DistanceFunctions/DistanceFunctions.c
      Source file:   Source/MatrixFunctions/MatrixFunctions.c
      Include file:  Include/arm_common_tables.h
      Source file:   Source/InterpolationFunctions/InterpolationFunctions.c
      Include file:  Include/arm_math.h
      Include file:  Include/arm_const_structs_f16.h
      Source file:   Source/CommonTables/CommonTables.c
      Include file:  Include/arm_math_f16.h
      Source file:   Source/BasicMathFunctions/BasicMathFunctions.c
      Source file:   Source/BayesFunctions/BayesFunctions.c
      Source file:   Source/ControllerFunctions/ControllerFunctions.c
      Include file:  Include/arm_common_tables_f16.h
      Source file:   Source/FilteringFunctions/FilteringFunctions.c
      Source file:   Source/CommonTables/CommonTablesF16.c
      Source file:   Source/MatrixFunctions/MatrixFunctionsF16.c
      Source file:   Source/BasicMathFunctions/BasicMathFunctionsF16.c
      Source file:   Source/ComplexMathFunctions/ComplexMathFunctionsF16.c
      Source file:   Source/InterpolationFunctions/InterpolationFunctionsF16.c
      Source file:   Source/BayesFunctions/BayesFunctionsF16.c
      Source file:   Source/SVMFunctions/SVMFunctionsF16.c
      Source file:   Source/SupportFunctions/SupportFunctionsF16.c
      Source file:   Source/TransformFunctions/TransformFunctionsF16.c
      Source file:   Source/FilteringFunctions/FilteringFunctionsF16.c
      Source file:   Source/StatisticsFunctions/StatisticsFunctionsF16.c
      Source file:   Source/FastMathFunctions/FastMathFunctionsF16.c
      Source file:   Source/DistanceFunctions/DistanceFunctionsF16.c
Build Time Elapsed:  00:00:11
</pre>
</body>
</html>
